// Jest Snapshot v1, https://goo.gl/fbAQLP

exports[`#getPath() 1`] = `
Path {
  "distance": 2.8284271247461903,
  "distances": Array [
    0,
    1.4142135623730951,
    2.8284271247461903,
  ],
  "points": Array [
    Vector3 {
      "x": 0,
      "y": 0,
      "z": 0,
    },
    Vector3 {
      "x": 1,
      "y": 0,
      "z": -1,
    },
    Vector3 {
      "x": 2,
      "y": 0,
      "z": -2,
    },
  ],
}
`;

exports[`new Paths(configPaths) 1`] = `
Guide {
  "map": Object {
    "A": Object {
      "B": Path {
        "distance": 2.8284271247461903,
        "distances": Array [
          0,
          1.4142135623730951,
          2.8284271247461903,
        ],
        "points": Array [
          Vector3 {
            "x": 0,
            "y": 0,
            "z": 0,
          },
          Vector3 {
            "x": 1,
            "y": 0,
            "z": -1,
          },
          Vector3 {
            "x": 2,
            "y": 0,
            "z": -2,
          },
        ],
      },
      "C": Path {
        "distance": 5.06449510224598,
        "distances": Array [
          0,
          2.23606797749979,
          5.06449510224598,
        ],
        "points": Array [
          Vector3 {
            "x": 0,
            "y": 0,
            "z": 0,
          },
          Vector3 {
            "x": -1,
            "y": 0,
            "z": 2,
          },
          Vector3 {
            "x": -3,
            "y": 0,
            "z": 4,
          },
        ],
      },
    },
    "B": Object {
      "A": Path {
        "distance": 2.8284271247461903,
        "distances": Array [
          0,
          1.4142135623730951,
          2.8284271247461903,
        ],
        "points": Array [
          Vector3 {
            "x": 2,
            "y": 0,
            "z": -2,
          },
          Vector3 {
            "x": 1,
            "y": 0,
            "z": -1,
          },
          Vector3 {
            "x": 0,
            "y": 0,
            "z": 0,
          },
        ],
      },
    },
    "C": Object {
      "A": Path {
        "distance": 5.06449510224598,
        "distances": Array [
          0,
          2.8284271247461903,
          5.06449510224598,
        ],
        "points": Array [
          Vector3 {
            "x": -3,
            "y": 0,
            "z": 4,
          },
          Vector3 {
            "x": -1,
            "y": 0,
            "z": 2,
          },
          Vector3 {
            "x": 0,
            "y": 0,
            "z": 0,
          },
        ],
      },
    },
  },
  "paths": Array [
    Object {
      "from": "A",
      "points": Array [
        "a",
        "b",
        "c",
      ],
      "to": "B",
    },
    Object {
      "from": "A",
      "points": Array [
        "a",
        "d",
        "e",
      ],
      "to": "C",
    },
  ],
  "points": Object {
    "a": Object {
      "id": "a",
      "name": "a",
      "position": Array [
        0,
        0,
      ],
    },
    "b": Object {
      "id": "b",
      "name": "b",
      "position": Array [
        1,
        1,
      ],
    },
    "c": Object {
      "id": "c",
      "name": "c",
      "position": Array [
        2,
        2,
      ],
    },
    "d": Object {
      "id": "d",
      "name": "d",
      "position": Array [
        -1,
        -2,
      ],
    },
    "e": Object {
      "id": "e",
      "name": "e",
      "position": Array [
        -3,
        -4,
      ],
    },
  },
}
`;
